// Jest Snapshot v1, https://goo.gl/fbAQLP

exports[`Filter renders correctly 1`] = `
<div>
  <div
    class="sc-AxjAm iEFAbG"
  >
    <label
      class="sc-AxirZ hriSXr"
    >
      Filter by
    </label>
    <select
      class="sc-AxiKw bJukMX"
    >
      <option
        class="sc-AxhCb ccMvAG"
      />
      <option
        class="sc-AxhCb ccMvAG"
      />
      <option
        class="sc-AxhCb ccMvAG"
      />
      <option
        class="sc-AxhCb ccMvAG"
      />
    </select>
  </div>
</div>
`;

exports[`Filter renders correctly with no options supplied 1`] = `
<div>
  <div
    class="sc-AxjAm iEFAbG"
  >
    There is no option to filter
  </div>
</div>
`;
